gcc -g p4final.c -lm
îº§ gdb a.out
GNU gdb (Ubuntu 8.1.1-0ubuntu1) 8.1.1
Copyright (C) 2018 Free Software Foundation, Inc.
License GPLv3+: GNU GPL version 3 or later <http://gnu.org/licenses/gpl.html>
This is free software: you are free to change and redistribute it.
There is NO WARRANTY, to the extent permitted by law.  Type "show copying"
and "show warranty" for details.
This GDB was configured as "x86_64-linux-gnu".
Type "show configuration" for configuration details.
For bug reporting instructions, please see:
<http://www.gnu.org/software/gdb/bugs/>.
Find the GDB manual and other documentation resources online at:
<http://www.gnu.org/software/gdb/documentation/>.
For help, type "help".
Type "apropos word" to search for commands related to "word"...
Reading symbols from a.out...done.
(gdb) b main
Breakpoint 1 at 0x857: file p4final.c, line 39.
(gdb) r
Starting program: /home/runner/Test2Session2-2/a.out 
warning: Error disabling address space randomization: Operation not permitted

Breakpoint 1, main () at p4final.c:39
39    n=input();
(gdb) n
enter the value up to which you want the series
20
41    f=find_fibo(n);
(gdb) n
42    output(n,f);
(gdb) n
the 20th term of fibonacci series is 4181
43    return 0;
(gdb) c
Continuing.
[Inferior 1 (process 356) exited normally]
(gdb) 
